[19112:11052:0817/194234.998:WARNING:chrome_main_delegate.cc(745)] This is Chrome version 128.0.6613.138 (not a warning)
[19112:22980:0817/194235.078:ERROR:google_update_settings.cc(265)] Failed opening key Software\Chromium to set usagestats; result: 5
[19112:11052:0817/194235.105:WARNING:account_consistency_mode_manager.cc(77)] Desktop Identity Consistency cannot be enabled as no OAuth client ID and client secret have been configured.
[10720:13736:0817/194248.571:WARNING:frame_impl.cc(430)] virtual CefFrameImpl::SendProcessMessage sent to detached frame 5-126B10B37F97997B9407A20253040A78 will be ignored
[22104:23172:0817/194250.119:WARNING:codec.cc(525)] Explicitly added H264 constrained baseline to list of supported formats.
[22104:4676:0817/194250.193:WARNING:codec.cc(525)] Explicitly added H264 constrained baseline to list of supported formats.
[22104:4676:0817/194250.194:WARNING:codec.cc(525)] Explicitly added H264 constrained baseline to list of supported formats.
[22104:4676:0817/194250.195:WARNING:codec.cc(525)] Explicitly added H264 constrained baseline to list of supported formats.
[19112:3684:0817/194250.540:WARNING:browser_info.cc(345)] Returning a speculative frame for [8,9]
[19112:11052:0817/194250.668:WARNING:browser_info.cc(345)] Returning a speculative frame for [9,9]
[19112:11052:0817/194250.669:WARNING:browser_info.cc(345)] Returning a speculative frame for [9,9]
[19112:11052:0817/194250.669:WARNING:browser_info.cc(345)] Returning a speculative frame for [9,9]
[19112:11052:0817/194250.669:WARNING:browser_info.cc(345)] Returning a speculative frame for [9,9]
[19112:3684:0817/194250.678:WARNING:browser_info.cc(345)] Returning a speculative frame for [9,9]
[14016:248:0817/194250.858:WARNING:codec.cc(525)] Explicitly added H264 constrained baseline to list of supported formats.
[14016:9800:0817/194250.935:WARNING:codec.cc(525)] Explicitly added H264 constrained baseline to list of supported formats.
[14016:9800:0817/194250.935:WARNING:codec.cc(525)] Explicitly added H264 constrained baseline to list of supported formats.
[14016:9800:0817/194250.936:WARNING:codec.cc(525)] Explicitly added H264 constrained baseline to list of supported formats.
[14016:248:0817/194253.878:WARNING:codec.cc(525)] Explicitly added H264 constrained baseline to list of supported formats.
[22104:21732:0817/034502.676:WARNING:frame_impl.cc(430)] virtual CefFrameImpl::SendProcessMessage sent to detached frame 6-54F8B847605C7662CCEF43893DC22BE8 will be ignored
[9472:6664:0817/034503.008:ERROR:shared_image_manager.cc(224)] SharedImageManager::ProduceSkia: Trying to Produce a Skia representation from a non-existent mailbox.
[19112:11052:0817/034853.475:WARNING:pref_notifier_impl.cc(41)] Pref observer for media_router.cast_allow_all_ips found at shutdown.
